test_actor_scoped_capture_replay_and_changed_payload (crm.tests.test_inquiries.TestInquiries.test_actor_scoped_capture_replay_and_changed_payload) ... ok
test_assignees_exclude_noncrm_and_disabled_users (crm.tests.test_inquiries.TestInquiries.test_assignees_exclude_noncrm_and_disabled_users) ... ok
test_assignment_notification_is_durable_content_free_and_not_replayed (crm.tests.test_inquiries.TestInquiries.test_assignment_notification_is_durable_content_free_and_not_replayed) ... ok
test_campaign_guard_is_scoped_to_lead_insert_and_restored_on_failure (crm.tests.test_inquiries.TestInquiries.test_campaign_guard_is_scoped_to_lead_insert_and_restored_on_failure) ... ok
test_capture_evidence_preserves_literal_form_text_and_existing_transaction (crm.tests.test_inquiries.TestInquiries.test_capture_evidence_preserves_literal_form_text_and_existing_transaction) ... ok
test_closed_inquiry_reads_reopens_and_replays_conversion (crm.tests.test_inquiries.TestInquiries.test_closed_inquiry_reads_reopens_and_replays_conversion) ... ok
test_conversion_failure_rolls_back_lead_but_preserves_earlier_work (crm.tests.test_inquiries.TestInquiries.test_conversion_failure_rolls_back_lead_but_preserves_earlier_work) ... ok
test_converted_identity_receipt_and_removal_are_immutable (crm.tests.test_inquiries.TestInquiries.test_converted_identity_receipt_and_removal_are_immutable) ... ok
test_database_unique_capture_key (crm.tests.test_inquiries.TestInquiries.test_database_unique_capture_key) ... ok
test_denied_lead_is_redacted_and_replay_is_denied (crm.tests.test_inquiries.TestInquiries.test_denied_lead_is_redacted_and_replay_is_denied) ... ok
test_duplicate_insert_replay_rolls_back_only_its_savepoint (crm.tests.test_inquiries.TestInquiries.test_duplicate_insert_replay_rolls_back_only_its_savepoint) ... ok
test_error_boundary_preserves_prior_messages_and_hides_internal_errors (crm.tests.test_inquiries.TestInquiries.test_error_boundary_preserves_prior_messages_and_hides_internal_errors) ... ok
test_explicit_existing_link_requires_target_write (crm.tests.test_inquiries.TestInquiries.test_explicit_existing_link_requires_target_write) ... ok
test_generic_capture_evidence_forgery_and_update_cannot_change_snapshot (crm.tests.test_inquiries.TestInquiries.test_generic_capture_evidence_forgery_and_update_cannot_change_snapshot) ... ok
test_generic_child_list_returns_only_authorized_parent_people (crm.tests.test_inquiries.TestInquiries.test_generic_child_list_returns_only_authorized_parent_people) ... ok
test_generic_child_write_and_cross_parent_row_move_are_denied (crm.tests.test_inquiries.TestInquiries.test_generic_child_write_and_cross_parent_row_move_are_denied) ... ok
test_generic_create_rejects_forged_owner_capture_and_child_keys (crm.tests.test_inquiries.TestInquiries.test_generic_create_rejects_forged_owner_capture_and_child_keys) ... ok
test_generic_responses_redact_lead_without_erasing_receipt (crm.tests.test_inquiries.TestInquiries.test_generic_responses_redact_lead_without_erasing_receipt) ... ok
test_generic_save_rejects_provenance_child_key_and_flags_forgery (crm.tests.test_inquiries.TestInquiries.test_generic_save_rejects_provenance_child_key_and_flags_forgery) ... ok
test_internal_finder_is_actor_scoped_and_not_whitelisted (crm.tests.test_inquiries.TestInquiries.test_internal_finder_is_actor_scoped_and_not_whitelisted) ... ok
test_list_and_direct_access_enforce_owner_assignee_manager (crm.tests.test_inquiries.TestInquiries.test_list_and_direct_access_enforce_owner_assignee_manager) ... ok
test_list_paginates_summaries_and_realtime_contains_no_content (crm.tests.test_inquiries.TestInquiries.test_list_paginates_summaries_and_realtime_contains_no_content) ... ok
test_noncrm_guest_and_disabled_actor_are_denied (crm.tests.test_inquiries.TestInquiries.test_noncrm_guest_and_disabled_actor_are_denied) ... ok
test_nonowner_assignee_can_handoff_with_only_minimal_success_response (crm.tests.test_inquiries.TestInquiries.test_nonowner_assignee_can_handoff_with_only_minimal_success_response) ... ok
test_old_marketing_blocks_new_lead_but_allows_existing_link (crm.tests.test_inquiries.TestInquiries.test_old_marketing_blocks_new_lead_but_allows_existing_link) ... ok
test_optimistic_api_and_generic_stale_save_are_rejected (crm.tests.test_inquiries.TestInquiries.test_optimistic_api_and_generic_stale_save_are_rejected) ... ok
test_payload_allowlist_bounds_url_and_explicit_role (crm.tests.test_inquiries.TestInquiries.test_payload_allowlist_bounds_url_and_explicit_role) ... ok
test_public_social_evidence_cannot_claim_form_purpose_or_buyer_identity (crm.tests.test_inquiries.TestInquiries.test_public_social_evidence_cannot_claim_form_purpose_or_buyer_identity) ... ok
test_replay_permission_is_checked_before_receipt_content (crm.tests.test_inquiries.TestInquiries.test_replay_permission_is_checked_before_receipt_content) ... ok
test_replay_uses_immutable_hash_after_edits (crm.tests.test_inquiries.TestInquiries.test_replay_uses_immutable_hash_after_edits) ... ok
test_selected_prospect_conversion_is_replay_safe_and_does_not_merge (crm.tests.test_inquiries.TestInquiries.test_selected_prospect_conversion_is_replay_safe_and_does_not_merge) ... ok
test_source_capture_denied_staff_cannot_create_copy_or_read_receipt (crm.tests.test_inquiries.TestInquiries.test_source_capture_denied_staff_cannot_create_copy_or_read_receipt) ... ok
test_source_capture_namespace_cannot_collide_with_manual_request_id (crm.tests.test_inquiries.TestInquiries.test_source_capture_namespace_cannot_collide_with_manual_request_id) ... ok
test_source_capture_owner_and_manager_replay_one_record (crm.tests.test_inquiries.TestInquiries.test_source_capture_owner_and_manager_replay_one_record) ... ok
test_source_enrichment_never_overwrites_original_context_or_people (crm.tests.test_inquiries.TestInquiries.test_source_enrichment_never_overwrites_original_context_or_people) ... ok
test_source_evidence_context_allowlist_actor_and_respondent_bounds (crm.tests.test_inquiries.TestInquiries.test_source_evidence_context_allowlist_actor_and_respondent_bounds) ... ok
test_source_evidence_does_not_follow_added_people_or_create_leads (crm.tests.test_inquiries.TestInquiries.test_source_evidence_does_not_follow_added_people_or_create_leads) ... ok
test_source_evidence_is_denied_to_unrelated_users_and_disabled_actor (crm.tests.test_inquiries.TestInquiries.test_source_evidence_is_denied_to_unrelated_users_and_disabled_actor) ... ok
test_source_evidence_legacy_receipt_cannot_be_automatically_reinterpreted (crm.tests.test_inquiries.TestInquiries.test_source_evidence_legacy_receipt_cannot_be_automatically_reinterpreted) ... ok
test_source_evidence_replay_preserves_original_policy_across_actors (crm.tests.test_inquiries.TestInquiries.test_source_evidence_replay_preserves_original_policy_across_actors) ... ok
test_source_evidence_uses_normal_actor_and_redacts_adapter_internals (crm.tests.test_inquiries.TestInquiries.test_source_evidence_uses_normal_actor_and_redacts_adapter_internals) ... ok
test_source_unique_collision_replays_authorized_snapshot_without_overwrite (crm.tests.test_inquiries.TestInquiries.test_source_unique_collision_replays_authorized_snapshot_without_overwrite) ... ok

----------------------------------------------------------------------
Ran 42 tests in 2.064s

OK
