yarn run v1.22.22
$ vite build --base=/assets/crm/frontend/ && yarn copy-html-entry && node scripts/verify-pwa-build.mjs
No common_site_config.json found, using default port 8000
vite v5.4.21 building for production...
transforming...
[plugin:frappe-ui-lucide-icons] [plugin frappe-ui-lucide-icons] [frappe-ui-lucide-icons] icon "facebook" not found in lucide-static (brand icons were removed in lucide v1). Rendering a placeholder. Replace ~icons/lucide/facebook with an SVG asset or a different icon.
[plugin:frappe-ui-lucide-icons] [plugin frappe-ui-lucide-icons] [frappe-ui-lucide-icons] icon "instagram" not found in lucide-static (brand icons were removed in lucide v1). Rendering a placeholder. Replace ~icons/lucide/instagram with an SVG asset or a different icon.
[plugin:frappe-ui-lucide-icons] [plugin frappe-ui-lucide-icons] [frappe-ui-lucide-icons] icon "github" not found in lucide-static (brand icons were removed in lucide v1). Rendering a placeholder. Replace ~icons/lucide/github with an SVG asset or a different icon.
✓ 3137 modules transformed.
rendering chunks...
[plugin:vite:reporter] [plugin vite:reporter] 
(!) /home/holymc2/muelle-worktrees/crm-standalone-20260909/frontend/src/pages/NotPermitted.vue is dynamically imported by /home/holymc2/muelle-worktrees/crm-standalone-20260909/frontend/src/router.js, /home/holymc2/muelle-worktrees/crm-standalone-20260909/frontend/src/router.js, /home/holymc2/muelle-worktrees/crm-standalone-20260909/frontend/src/router.js, /home/holymc2/muelle-worktrees/crm-standalone-20260909/frontend/src/router.js, /home/holymc2/muelle-worktrees/crm-standalone-20260909/frontend/src/router.js but also statically imported by /home/holymc2/muelle-worktrees/crm-standalone-20260909/frontend/src/App.vue, dynamic import will not move module into another chunk.

[frappeui-build-config-plugin] Successfully copied index.html to ../crm/www/crm.html
computing gzip size...
../crm/public/frontend/build.json                                                                   0.02 kB │ gzip:   0.04 kB
../crm/public/frontend/registerSW.js                                                                0.17 kB
../crm/public/frontend/manifest.webmanifest                                                         0.99 kB
../crm/public/frontend/assets/spritesheet-DpIxuf5L.svg                                              5.55 kB │ gzip:   1.66 kB
../crm/public/frontend/assets/sparkpost-BE6L4Zsb.webp                                               6.88 kB
../crm/public/frontend/assets/gmail-63izsubs.png                                                    7.27 kB
../crm/public/frontend/index.html                                                                   9.66 kB │ gzip:   1.15 kB
../crm/public/frontend/assets/yandex-BsPU5tMy.png                                                  13.94 kB
../crm/public/frontend/assets/yahoo-DiTp7aZW.png                                                   37.26 kB
../crm/public/frontend/assets/outlook-CSGNsWQK.png                                                220.23 kB
../crm/public/frontend/assets/Inter.var-C9xDBOS3.woff2                                            264.24 kB
../crm/public/frontend/assets/Inter-Italic.var-BGHziHgI.woff2                                     297.27 kB
../crm/public/frontend/assets/ContactModal-CWXVI-dV.css                                             0.05 kB │ gzip:   0.07 kB
../crm/public/frontend/assets/useActiveTabManager-BFreZQuX.css                                      0.09 kB │ gzip:   0.10 kB
../crm/public/frontend/assets/FadedScrollableDiv-Bgy2uHt-.css                                       0.12 kB │ gzip:   0.11 kB
../crm/public/frontend/assets/ViewBreadcrumbs-BaifXhM6.css                                          0.14 kB │ gzip:   0.10 kB
../crm/public/frontend/assets/swipeBack-7V33tOM8.css                                                0.15 kB │ gzip:   0.12 kB
../crm/public/frontend/assets/PersonaForm-CluErkGQ.css                                              0.27 kB │ gzip:   0.15 kB
../crm/public/frontend/assets/CallLogDetailModal-DBmEMsEZ.css                                       0.29 kB │ gzip:   0.17 kB
../crm/public/frontend/assets/CampaignDetail-DuoAxO43.css                                           0.30 kB │ gzip:   0.20 kB
../crm/public/frontend/assets/Chatflows-B8MuMW6Y.css                                                0.30 kB │ gzip:   0.20 kB
../crm/public/frontend/assets/StepCardList-rQA5FlNL.css                                             0.34 kB │ gzip:   0.21 kB
../crm/public/frontend/assets/Password-DjZNVoja.css                                                 0.39 kB │ gzip:   0.23 kB
../crm/public/frontend/assets/BottomSheet-CkQBzbst.css                                              0.75 kB │ gzip:   0.25 kB
../crm/public/frontend/assets/Calendar-Ek6akhPb.css                                                 0.95 kB │ gzip:   0.40 kB
../crm/public/frontend/assets/Layout-lFOtpCHF.css                                                   1.05 kB │ gzip:   0.39 kB
../crm/public/frontend/assets/index-05VX-A7r.css                                                    1.16 kB │ gzip:   0.38 kB
../crm/public/frontend/assets/SidePanelLayout-BWWCdHyq.css                                          1.22 kB │ gzip:   0.43 kB
../crm/public/frontend/assets/SocialCalendar-BcDdSU_u.css                                           1.94 kB │ gzip:   0.76 kB
../crm/public/frontend/assets/Inquiries-B_jiR6CS.css                                                2.17 kB │ gzip:   0.44 kB
../crm/public/frontend/assets/GlobalModals-C3z_BeF3.css                                             3.05 kB │ gzip:   0.90 kB
../crm/public/frontend/assets/L.Control.Locate-DWvBCx6q.css                                         3.20 kB │ gzip:   0.77 kB
../crm/public/frontend/assets/Activities-BonkQMeT.css                                               6.69 kB │ gzip:   1.62 kB
../crm/public/frontend/assets/leaflet-8gai8jQF.css                                                 12.46 kB │ gzip:   6.71 kB
../crm/public/frontend/assets/leaflet-Dgihpmma.css                                                 15.04 kB │ gzip:   6.38 kB
../crm/public/frontend/assets/index-qnMp-jvw.css                                                5,627.19 kB │ gzip: 448.25 kB
../crm/public/frontend/assets/storageKeys-BmTk1pDf.js                                               0.20 kB │ gzip:   0.20 kB │ map:     1.04 kB
../crm/public/frontend/assets/InsertLink-BwcOmqCe.js                                                0.31 kB │ gzip:   0.25 kB │ map:     0.75 kB
../crm/public/frontend/assets/InsertVideo-DMkgRq1o.js                                               0.33 kB │ gzip:   0.27 kB │ map:     0.80 kB
../crm/public/frontend/assets/view-DBK2_1e1.js                                                      0.42 kB │ gzip:   0.30 kB │ map:     1.68 kB
../crm/public/frontend/assets/cadenceScaffold-CkNVqd0I.js                                           0.43 kB │ gzip:   0.28 kB │ map:     2.94 kB
../crm/public/frontend/assets/search-CXdSGmQs.js                                                    0.43 kB │ gzip:   0.33 kB │ map:     0.90 kB
../crm/public/frontend/assets/organizations-ClV9zQg3.js                                             0.47 kB │ gzip:   0.33 kB │ map:     1.69 kB
../crm/public/frontend/assets/calendar-YwMhAAXs.js                                                  0.48 kB │ gzip:   0.35 kB │ map:     0.98 kB
../crm/public/frontend/assets/CheckIcon-CmPKFWKA.js                                                 0.48 kB │ gzip:   0.37 kB │ map:     0.83 kB
../crm/public/frontend/assets/form-pv6FRxr2.js                                                      0.51 kB │ gzip:   0.31 kB │ map:     1.45 kB
../crm/public/frontend/assets/form-Cw61Yw5V.js                                                      0.51 kB │ gzip:   0.31 kB │ map:     1.45 kB
../crm/public/frontend/assets/InvalidPage-JxM81bB_.js                                               0.56 kB │ gzip:   0.40 kB │ map:     0.95 kB
../crm/public/frontend/assets/sliders-horizontal-BHNEY-e8.js                                        0.57 kB │ gzip:   0.37 kB │ map:     1.08 kB
../crm/public/frontend/assets/ComboboxEmpty-XAr8r8r8.js                                             0.57 kB │ gzip:   0.42 kB │ map:     2.75 kB
../crm/public/frontend/assets/settings-DjNNapeG.js                                                  0.59 kB │ gzip:   0.38 kB │ map:     1.86 kB
../crm/public/frontend/assets/LayoutHeader-NWKWtcfh.js                                              0.62 kB │ gzip:   0.39 kB │ map:     1.23 kB
../crm/public/frontend/assets/Icon-CK8eAzw2.js                                                      0.66 kB │ gzip:   0.46 kB │ map:     1.64 kB
../crm/public/frontend/assets/TooltipProvider.vue_vue_type_script_setup_true_lang-C3_nisNr.js       0.67 kB │ gzip:   0.40 kB │ map:     2.48 kB
../crm/public/frontend/assets/pageMeta-DAJf2g33.js                                                  0.69 kB │ gzip:   0.47 kB │ map:     3.93 kB
../crm/public/frontend/assets/telephony-RxdmguQo.js                                                 0.69 kB │ gzip:   0.40 kB │ map:     2.21 kB
../crm/public/frontend/assets/ErrorPage-BQjsl9-R.js                                                 0.69 kB │ gzip:   0.46 kB │ map:     1.20 kB
../crm/public/frontend/assets/useTimelinePreferences-CdchelOY.js                                    0.73 kB │ gzip:   0.42 kB │ map:     2.44 kB
../crm/public/frontend/assets/AvatarIcon-Co2bSYZ-.js                                                0.77 kB │ gzip:   0.52 kB │ map:     1.10 kB
../crm/public/frontend/assets/CRMLogo-sETsTAIj.js                                                   0.77 kB │ gzip:   0.50 kB │ map:     1.10 kB
../crm/public/frontend/assets/useBroadcast-GdABMIbU.js                                              0.80 kB │ gzip:   0.46 kB │ map:     2.72 kB
../crm/public/frontend/assets/RefreshIcon-iDGF7PXv.js                                               0.93 kB │ gzip:   0.58 kB │ map:     1.42 kB
../crm/public/frontend/assets/InsertImage-aIXRRw35.js                                               0.97 kB │ gzip:   0.61 kB │ map:     2.56 kB
../crm/public/frontend/assets/SuccessIcon-DV6TQVCx.js                                               0.98 kB │ gzip:   0.62 kB │ map:     1.30 kB
../crm/public/frontend/assets/statusGuard-BKLl9F2-.js                                               1.01 kB │ gzip:   0.69 kB │ map:     4.22 kB
../crm/public/frontend/assets/useKeyboardShortcuts-C72yPWa0.js                                      1.02 kB │ gzip:   0.62 kB │ map:     3.81 kB
../crm/public/frontend/assets/ContactsIcon-CaSRZIo_.js                                              1.03 kB │ gzip:   0.57 kB │ map:     1.57 kB
../crm/public/frontend/assets/Email2Icon-Bv439Vyp.js                                                1.08 kB │ gzip:   0.61 kB │ map:     1.39 kB
../crm/public/frontend/assets/DealsIcon-BEk9Nopt.js                                                 1.11 kB │ gzip:   0.73 kB │ map:     1.42 kB
../crm/public/frontend/assets/MarkAsDoneIcon-DrXjWCU6.js                                            1.14 kB │ gzip:   0.71 kB │ map:     1.46 kB
../crm/public/frontend/assets/PinIcon-BStFBKZt.js                                                   1.15 kB │ gzip:   0.72 kB │ map:     1.46 kB
../crm/public/frontend/assets/EmptyState-CIruwt8x.js                                                1.27 kB │ gzip:   0.71 kB │ map:     2.67 kB
../crm/public/frontend/assets/NoteIcon-BrrBzpVP.js                                                  1.40 kB │ gzip:   0.78 kB │ map:     1.73 kB
../crm/public/frontend/assets/FadedScrollableDiv-CdLqZb6r.js                                        1.44 kB │ gzip:   0.70 kB │ map:     3.72 kB
../crm/public/frontend/assets/ListFooter-CZ-lBMRy.js                                                1.44 kB │ gzip:   0.78 kB │ map:     3.11 kB
../crm/public/frontend/assets/CommentIcon-CueJBgwl.js                                               1.53 kB │ gzip:   0.90 kB │ map:     1.85 kB
../crm/public/frontend/assets/LinkIcon-C8IAqpxh.js                                                  1.54 kB │ gzip:   0.85 kB │ map:     2.03 kB
../crm/public/frontend/assets/calendar-clock-D16iEicG.js                                            1.57 kB │ gzip:   0.60 kB │ map:     2.98 kB
../crm/public/frontend/assets/outbox-BStFMGi6.js                                                    1.63 kB │ gzip:   0.93 kB │ map:     5.81 kB
../crm/public/frontend/assets/crmFormat-BMKdVwJh.js                                                 1.76 kB │ gzip:   0.94 kB │ map:     6.45 kB
../crm/public/frontend/assets/statuses-CHMcbjfx.js                                                  1.79 kB │ gzip:   0.76 kB │ map:     7.05 kB
../crm/public/frontend/assets/MobileRecordCard-jlkM4N93.js                                          1.79 kB │ gzip:   0.94 kB │ map:     3.63 kB
../crm/public/frontend/assets/Resizer-DKInkazm.js                                                   1.82 kB │ gzip:   0.85 kB │ map:     4.15 kB
../crm/public/frontend/assets/CameraIcon-C9V2MF3g.js                                                1.83 kB │ gzip:   0.88 kB │ map:     2.14 kB
../crm/public/frontend/assets/TaskIcon-DTCa_zRu.js                                                  1.84 kB │ gzip:   1.05 kB │ map:     2.15 kB
../crm/public/frontend/assets/PhoneIcon-B7E0Aimn.js                                                 1.87 kB │ gzip:   1.08 kB │ map:     2.18 kB
../crm/public/frontend/assets/DetailsIcon-CurwwuZ6.js                                               1.94 kB │ gzip:   0.81 kB │ map:     2.26 kB
../crm/public/frontend/assets/ViewBreadcrumbs-BpOsghmu.js                                           2.03 kB │ gzip:   1.03 kB │ map:     4.01 kB
../crm/public/frontend/assets/onboarding-D2HoQ1-7.js                                                2.05 kB │ gzip:   0.93 kB │ map:     8.66 kB
../crm/public/frontend/assets/WhatsAppIcon-Ct0qrInV.js                                              2.09 kB │ gzip:   0.93 kB │ map:     2.60 kB
../crm/public/frontend/assets/LeadsIcon-DthtPHXC.js                                                 2.26 kB │ gzip:   1.08 kB │ map:     2.57 kB
../crm/public/frontend/assets/EmailAtIcon-CwAXfasc.js                                               2.33 kB │ gzip:   1.23 kB │ map:     2.65 kB
../crm/public/frontend/assets/FileUploader.vue_vue_type_script_setup_true_lang-BBGD28S3.js          2.38 kB │ gzip:   1.18 kB │ map:     8.03 kB
../crm/public/frontend/assets/fileUploadHandler-DMcj5JyK.js                                         2.55 kB │ gzip:   1.16 kB │ map:     8.81 kB
../crm/public/frontend/assets/WhatsAppQueue-DSbCy6T5.js                                             2.61 kB │ gzip:   1.25 kB │ map:     5.94 kB
../crm/public/frontend/assets/Breadcrumbs.vue_vue_type_script_setup_true_lang-6CTzKu5J.js           2.92 kB │ gzip:   1.17 kB │ map:     8.04 kB
../crm/public/frontend/assets/Webshop-BfCyCM1Y.js                                                   2.96 kB │ gzip:   1.37 kB │ map:     6.06 kB
../crm/public/frontend/assets/OrganizationsIcon-DmetCBDs.js                                         2.98 kB │ gzip:   1.38 kB │ map:     3.30 kB
../crm/public/frontend/assets/InsertIframe-DgDsHEgs.js                                              2.98 kB │ gzip:   1.47 kB │ map:     9.26 kB
../crm/public/frontend/assets/BottomSheet-DFa_Svbf.js                                               3.00 kB │ gzip:   1.62 kB │ map:    10.89 kB
../crm/public/frontend/assets/push-CoQtdMoZ.js                                                      3.01 kB │ gzip:   1.50 kB │ map:     8.78 kB
../crm/public/frontend/assets/OrganizationModal-Bcvm1nZ0.js                                         3.04 kB │ gzip:   1.55 kB │ map:     8.47 kB
../crm/public/frontend/assets/notifications-BkfSJNju.js                                             3.13 kB │ gzip:   1.62 kB │ map:     4.84 kB
../crm/public/frontend/assets/GroupByIcon-DcOKyyKY.js                                               3.27 kB │ gzip:   1.12 kB │ map:     4.12 kB
../crm/public/frontend/assets/EventIcon-BVArO-2a.js                                                 3.28 kB │ gzip:   1.45 kB │ map:     3.59 kB
../crm/public/frontend/assets/Deal360-4AnEHBFs.js                                                   3.33 kB │ gzip:   1.59 kB │ map:     5.59 kB
../crm/public/frontend/assets/FontColor-0EiAAmr8.js                                                 3.40 kB │ gzip:   1.16 kB │ map:     7.56 kB
../crm/public/frontend/assets/MobileNotification-BTZWGDPS.js                                        3.48 kB │ gzip:   1.66 kB │ map:     8.42 kB
../crm/public/frontend/assets/Duration.vue_vue_type_script_setup_true_lang-6jrwFu3_.js              3.65 kB │ gzip:   1.66 kB │ map:    15.52 kB
../crm/public/frontend/assets/ContactModal-L0wZpEJR.js                                              3.87 kB │ gzip:   1.91 kB │ map:    11.26 kB
../crm/public/frontend/assets/index-DVgJbYMs.js                                                     4.03 kB │ gzip:   1.71 kB │ map:     0.10 kB
../crm/public/frontend/assets/LeadModal-DdDCtH-K.js                                                 4.25 kB │ gzip:   2.10 kB │ map:    11.29 kB
../crm/public/frontend/assets/Contacts-CUta2WI4.js                                                  4.37 kB │ gzip:   1.91 kB │ map:     8.53 kB
../crm/public/frontend/assets/FbPostCard-j_0GI65B.js                                                4.41 kB │ gzip:   1.85 kB │ map:     8.84 kB
../crm/public/frontend/assets/PipelineAnalysis-3f2JcJck.js                                          4.45 kB │ gzip:   2.02 kB │ map:    10.65 kB
../crm/public/frontend/assets/inquiries-D7Dw-LEr.js                                                 4.57 kB │ gzip:   2.01 kB │ map:    10.61 kB
../crm/public/frontend/assets/Notes-BJj0EdzP.js                                                     4.60 kB │ gzip:   2.16 kB │ map:     9.02 kB
../crm/public/frontend/assets/ContactsListView-Cw08wCo4.js                                          5.09 kB │ gzip:   2.13 kB │ map:    12.24 kB
../crm/public/frontend/assets/KeyboardShortcut.vue_vue_type_script_setup_true_lang-D44vM3a3.js      5.11 kB │ gzip:   2.14 kB │ map:    13.84 kB
../crm/public/frontend/assets/calendarUtils-BzGpvWn0.js                                             5.66 kB │ gzip:   2.05 kB │ map:    19.56 kB
../crm/public/frontend/assets/DealsListView-Cn9hLnSn.js                                             5.74 kB │ gzip:   2.32 kB │ map:    14.39 kB
../crm/public/frontend/assets/KanbanView-Dj7irmdi.js                                                5.74 kB │ gzip:   2.36 kB │ map:    15.27 kB
../crm/public/frontend/assets/PersonaForm-Bt2ol9z1.js                                               6.25 kB │ gzip:   2.74 kB │ map:    15.91 kB
../crm/public/frontend/assets/ConvertToDealModal-DBlSNAuv.js                                        6.36 kB │ gzip:   2.64 kB │ map:    17.31 kB
../crm/public/frontend/assets/WhatsAppReviewCard-DDTYsEmx.js                                        6.89 kB │ gzip:   2.68 kB │ map:    16.85 kB
../crm/public/frontend/assets/ScoreExplainPopover-Dla483dq.js                                       7.57 kB │ gzip:   3.17 kB │ map:    20.85 kB
../crm/public/frontend/assets/SocialEvergreen-ANh2DgJQ.js                                           7.77 kB │ gzip:   3.11 kB │ map:    17.85 kB
../crm/public/frontend/assets/EmailMultiSelect-CNc4IJd5.js                                          8.20 kB │ gzip:   3.56 kB │ map:    19.64 kB
../crm/public/frontend/assets/Organizations-Cc7xowUP.js                                             8.64 kB │ gzip:   3.35 kB │ map:    19.71 kB
../crm/public/frontend/assets/TasksView-DtQSGeDm.js                                                 8.86 kB │ gzip:   3.37 kB │ map:    21.30 kB
../crm/public/frontend/assets/ChannelComposer-CjsJlCWy.js                                           9.01 kB │ gzip:   3.47 kB │ map:    22.78 kB
../crm/public/frontend/assets/MobileLead-DP8BnZKc.js                                                9.03 kB │ gzip:   3.70 kB │ map:    19.21 kB
../crm/public/frontend/assets/CallLogs-C7aukmVP.js                                                  9.21 kB │ gzip:   3.67 kB │ map:    20.33 kB
../crm/public/frontend/assets/Campaigns-bROeoOAE.js                                                 9.22 kB │ gzip:   3.27 kB │ map:    21.29 kB
../crm/public/frontend/assets/Password.vue_vue_type_script_setup_true_lang-BOaTq1t4.js              9.23 kB │ gzip:   3.66 kB │ map:    26.03 kB
../crm/public/frontend/assets/MobileContact-BzS_JKFr.js                                             9.48 kB │ gzip:   3.94 kB │ map:    22.24 kB
../crm/public/frontend/assets/DeleteLinkedDocModal-CMDi3lDC.js                                      9.49 kB │ gzip:   3.49 kB │ map:    23.33 kB
../crm/public/frontend/assets/WorkloadView-C-swyXZB.js                                              9.49 kB │ gzip:   3.51 kB │ map:    26.07 kB
../crm/public/frontend/assets/Contact-DD8Yk5NT.js                                                  10.06 kB │ gzip:   4.11 kB │ map:    23.83 kB
../crm/public/frontend/assets/Welcome-DqYMvD97.js                                                  10.13 kB │ gzip:   6.77 kB │ map:    12.18 kB
../crm/public/frontend/assets/MobileOrganization-BIBhYF43.js                                       10.19 kB │ gzip:   3.93 kB │ map:    24.46 kB
../crm/public/frontend/assets/DealModal-lIB3ytX9.js                                                10.41 kB │ gzip:   3.82 kB │ map:    29.31 kB
../crm/public/frontend/assets/MobileFilterSheet-DsBYAwX1.js                                        10.75 kB │ gzip:   3.45 kB │ map:    23.25 kB
../crm/public/frontend/assets/useActiveTabManager-WKt549Zd.js                                      10.82 kB │ gzip:   4.23 kB │ map:    29.59 kB
../crm/public/frontend/assets/Chatflows-DlqCUp2T.js                                                11.03 kB │ gzip:   3.90 kB │ map:    23.57 kB
../crm/public/frontend/assets/CampaignDetail-Cl-3VI8O.js                                           11.57 kB │ gzip:   4.10 kB │ map:    24.74 kB
../crm/public/frontend/assets/CallLogDetailModal-C6dVHZrx.js                                       11.80 kB │ gzip:   4.52 kB │ map:    28.87 kB
../crm/public/frontend/assets/CallsView-BNWTO3TO.js                                                11.84 kB │ gzip:   4.12 kB │ map:    25.14 kB
../crm/public/frontend/assets/Deals--uzqwUut.js                                                    12.06 kB │ gzip:   4.37 kB │ map:    30.75 kB
../crm/public/frontend/assets/Lead-GDAf2Sdu.js                                                     12.39 kB │ gzip:   4.94 kB │ map:    28.44 kB
../crm/public/frontend/assets/Dashboard-DboCEKRI.js                                                12.45 kB │ gzip:   4.47 kB │ map:    30.32 kB
../crm/public/frontend/assets/StepCardList-Cm18M6ny.js                                             12.75 kB │ gzip:   4.26 kB │ map:    29.58 kB
../crm/public/frontend/assets/Organization-DD1r98hq.js                                             12.95 kB │ gzip:   5.29 kB │ map:    29.18 kB
../crm/public/frontend/assets/ScoreRules-ffJf3aJq.js                                               13.51 kB │ gzip:   4.40 kB │ map:    32.18 kB
../crm/public/frontend/assets/Tasks-8-uPsmAr.js                                                    13.51 kB │ gzip:   4.88 kB │ map:    33.59 kB
../crm/public/frontend/assets/MobileDeal-CH97OAOI.js                                               13.53 kB │ gzip:   5.20 kB │ map:    33.42 kB
../crm/public/frontend/assets/ListBulkActions-jMBiqQMh.js                                          14.03 kB │ gzip:   4.96 kB │ map:    36.30 kB
../crm/public/frontend/assets/TabButtons.vue_vue_type_script_setup_true_lang-CFBK1H1J.js           14.07 kB │ gzip:   4.55 kB │ map:    47.67 kB
../crm/public/frontend/assets/EventNotifications-DkRSkSCZ.js                                       14.16 kB │ gzip:   5.27 kB │ map:    32.10 kB
../crm/public/frontend/assets/ListView-BoAaEjtY.js                                                 14.58 kB │ gzip:   5.06 kB │ map:    40.52 kB
../crm/public/frontend/assets/L.Control.Locate.esm-BUsSSl8N.js                                     14.70 kB │ gzip:   4.54 kB │ map:    50.31 kB
../crm/public/frontend/assets/RepairOrderInlineForm-C_tN6EKE.js                                    15.19 kB │ gzip:   5.08 kB │ map:    51.87 kB
../crm/public/frontend/assets/inbox-DAVk2weh.js                                                    16.62 kB │ gzip:   5.35 kB │ map:    73.92 kB
../crm/public/frontend/assets/Deal-DYR1ZkY3.js                                                     16.72 kB │ gzip:   6.24 kB │ map:    41.50 kB
../crm/public/frontend/assets/Leads-BqqnTTyB.js                                                    17.62 kB │ gzip:   5.81 kB │ map:    45.97 kB
../crm/public/frontend/assets/DesktopLayout-Bf2CexL5.js                                            17.79 kB │ gzip:   6.23 kB │ map:    45.23 kB
../crm/public/frontend/assets/SidebarItem.vue_vue_type_script_setup_true_lang-D-HgpMzP.js          18.28 kB │ gzip:   6.54 kB │ map:    55.76 kB
../crm/public/frontend/assets/SocialMentions-Cli2hjS_.js                                           21.78 kB │ gzip:   6.91 kB │ map:    49.50 kB
../crm/public/frontend/assets/LeadsView-CVyb0dg7.js                                                23.39 kB │ gzip:   7.31 kB │ map:    56.03 kB
../crm/public/frontend/assets/DealsView-CPQSrZyF.js                                                25.12 kB │ gzip:   7.97 kB │ map:    62.31 kB
../crm/public/frontend/assets/SidePanelLayout-BV-fhFcg.js                                          26.03 kB │ gzip:   8.03 kB │ map:    73.18 kB
../crm/public/frontend/assets/Inquiries-dQzq6rKm.js                                                27.37 kB │ gzip:   8.29 kB │ map:    68.13 kB
../crm/public/frontend/assets/Reports-D_4aK1uK.js                                                  32.05 kB │ gzip:   8.21 kB │ map:    76.71 kB
../crm/public/frontend/assets/DataImport-CsyXX5Fa.js                                               36.65 kB │ gzip:  11.59 kB │ map:   107.42 kB
../crm/public/frontend/assets/VerticalSlot-CK9rW0kC.js                                             36.83 kB │ gzip:  11.46 kB │ map:    89.29 kB
../crm/public/frontend/assets/sortable.esm-D-EvzYhP.js                                             37.10 kB │ gzip:  12.91 kB │ map:   177.95 kB
../crm/public/frontend/assets/Calendar-DdGMAZG6.js                                                 38.63 kB │ gzip:  13.21 kB │ map:    94.52 kB
../crm/public/frontend/assets/MobileLayout-C74Dbgeu.js                                             39.95 kB │ gzip:  14.25 kB │ map:   105.47 kB
../crm/public/frontend/assets/useContact360Tabs-D6-EUHnV.js                                        41.93 kB │ gzip:   9.94 kB │ map:   101.74 kB
../crm/public/frontend/assets/Calendar.vue_vue_type_script_setup_true_lang-BNEJ78ZF.js             43.21 kB │ gzip:  13.46 kB │ map:   135.66 kB
../crm/public/frontend/assets/leaflet.draw-cJkf-kdY.js                                             67.29 kB │ gzip:  14.25 kB │ map:   128.68 kB
../crm/public/frontend/assets/SocialCalendar-CI1Qti3D.js                                           87.94 kB │ gzip:  24.73 kB │ map:   208.85 kB
../crm/public/frontend/assets/Inbox-C35J0NZg.js                                                   101.75 kB │ gzip:  28.53 kB │ map:   258.28 kB
../crm/public/frontend/assets/swipeBack-CSjgqp5I.js                                               112.50 kB │ gzip:  32.90 kB │ map:   285.28 kB
../crm/public/frontend/assets/ViewControls-Tg5tUS3R.js                                            144.46 kB │ gzip:  47.80 kB │ map:   904.54 kB
../crm/public/frontend/assets/leaflet-src-CRznRYTh.js                                             150.04 kB │ gzip:  43.52 kB │ map:   680.08 kB
../crm/public/frontend/assets/GlobalModals-B5YDNJGS.js                                            535.74 kB │ gzip: 141.58 kB │ map: 1,934.67 kB
../crm/public/frontend/assets/Layout-DEVvm-uZ.js                                                1,191.78 kB │ gzip: 393.19 kB │ map: 6,394.66 kB
../crm/public/frontend/assets/index-D_AhQ3lq.js                                                 2,684.24 kB │ gzip: 738.05 kB │ map: 9,469.85 kB
../crm/public/frontend/assets/Activities-CsvGb-U_.js                                            6,261.10 kB │ gzip: 611.83 kB │ map: 1,507.45 kB

(!) Some chunks are larger than 500 kB after minification. Consider:
- Using dynamic import() to code-split the application
- Use build.rollupOptions.output.manualChunks to improve chunking: https://rollupjs.org/configuration-options/#output-manualchunks
- Adjust chunk size limit for this warning via build.chunkSizeWarningLimit.
✓ built in 42.55s

PWA v0.21.2
mode      generateSW
precache  182 entries (17749.63 KiB)
files generated
  ../crm/public/frontend/sw.js.map
  ../crm/public/frontend/sw.js
  ../crm/public/frontend/workbox-9c191d2f.js.map
  ../crm/public/frontend/workbox-9c191d2f.js
$ cp ../crm/public/frontend/index.html ../crm/www/crm.html
CRM PWA verified: 178 JavaScript/CSS assets precached
Done in 45.20s.
